// Jest Snapshot v1, https://goo.gl/fbAQLP

exports[`UserNavItem simple 1`] = `
<DocumentFragment>
  <button
    aria-controls="menu--1"
    aria-haspopup="true"
    class="btn bg-transparent d-flex align-items-center test-user-nav-item-toggle"
    data-reach-menu-button=""
    id="menu-button--menu"
    type="button"
  >
    <div
      class="position-relative"
    >
<<<<<<< HEAD
=======
      <h6
        class="py-1 dropdown-header"
        tabindex="-1"
      >
        Signed in as 
        <strong>
          @alice
        </strong>
      </h6>
      <div
        class="dropdown-divider"
        tabindex="-1"
      />
      <a
        class="dropdown-item"
        href="#"
      >
        Settings
      </a>
      <a
        class="dropdown-item"
        href="/users/alice/settings/repositories"
      >
        Your repositories
      </a>
      <a
        class="dropdown-item"
        href="/users/alice/searches"
      >
        Saved searches
      </a>
>>>>>>> 218e472a46a1a3ffd613b94e965cccef841e01d7
      <div
        class="align-items-center d-flex"
      >
        <div
          class="userAvatar icon-inline avatar"
          id="target-user-avatar"
        >
          ad
        </div>
        <svg
          class="mdi-icon icon-inline"
          fill="currentColor"
          height="24"
          viewBox="0 0 24 24"
          width="24"
        >
          <path
            d="M7.41,8.58L12,13.17L16.59,8.58L18,10L12,16L6,10L7.41,8.58Z"
          />
        </svg>
      </div>
    </div>
  </button>
</DocumentFragment>
`;
